### Maximum absolute error in matching lines = 8.38e-15 at line 31 field 4
