### Maximum relative error in matching lines = 9.02e-15 at line 38 field 4
