5c5
< 314159_26535_89793_23846
--- field 1	relative error 9.99e+04
> 314159_26535_89793
32c32
< 314159265358979323846
--- field 1	relative error 9.99e+04
> 3141592653589793
60c60
< .14159_26535_89793_23846
--- field 1	relative error 1.68e-15
> .14159_26535_89793
61c61
< .14159_26535_89793_23846+0099
--- field 1	relative error 1.68e-15
> .14159_26535_89793+0099
62c62
< .14159_26535_89793_23846+099
--- field 1	relative error 1.68e-15
> .14159_26535_89793+099
63c63
< .14159_26535_89793_23846+99
--- field 1	relative error 1.68e-15
> .14159_26535_89793+99
64c64
< .14159_26535_89793_23846-0099
--- field 1	relative error 1.68e-15
> .14159_26535_89793-0099
65c65
< .14159_26535_89793_23846-99
--- field 1	relative error 1.68e-15
> .14159_26535_89793-99
66c66
< .14159_26535_89793_23846d+99
--- field 1	relative error 1.68e-15
> .14159_26535_89793d+99
67c67
< .14159_26535_89793_23846D+99
--- field 1	relative error 1.68e-15
> .14159_26535_89793D+99
68c68
< .14159_26535_89793_23846d-99
--- field 1	relative error 1.68e-15
> .14159_26535_89793d-99
69c69
< .14159_26535_89793_23846D-99
--- field 1	relative error 1.68e-15
> .14159_26535_89793D-99
70c70
< .14159_26535_89793_23846d99
--- field 1	relative error 1.68e-15
> .14159_26535_89793d99
71c71
< .14159_26535_89793_23846D99
--- field 1	relative error 1.68e-15
> .14159_26535_89793D99
72c72
< .14159_26535_89793_23846e+99
--- field 1	relative error 1.68e-15
> .14159_26535_89793e+99
73c73
< .14159_26535_89793_23846E+99
--- field 1	relative error 1.68e-15
> .14159_26535_89793E+99
74c74
< .14159_26535_89793_23846e-99
--- field 1	relative error 1.68e-15
> .14159_26535_89793e-99
75c75
< .14159_26535_89793_23846E-99
--- field 1	relative error 1.68e-15
> .14159_26535_89793E-99
76c76
< .14159_26535_89793_23846e99
--- field 1	relative error 1.68e-15
> .14159_26535_89793e99
77c77
< .14159_26535_89793_23846E99
--- field 1	relative error 1.68e-15
> .14159_26535_89793E99
78c78
< .14159_26535_89793_23846Q+99
--- field 1	relative error 1.68e-15
> .14159_26535_89793Q+99
79c79
< .14159_26535_89793_23846q+99
--- field 1	relative error 1.68e-15
> .14159_26535_89793q+99
80c80
< .14159_26535_89793_23846Q-99
--- field 1	relative error 1.68e-15
> .14159_26535_89793Q-99
81c81
< .14159_26535_89793_23846q-99
--- field 1	relative error 1.68e-15
> .14159_26535_89793q-99
82c82
< .14159_26535_89793_23846Q99
--- field 1	relative error 1.68e-15
> .14159_26535_89793Q99
83c83
< .14159_26535_89793_23846q99
--- field 1	relative error 1.68e-15
> .14159_26535_89793q99
87c87
< .14159265358979323846
--- field 1	relative error 1.68e-15
> .141592653589793
88c88
< .14159265358979323846+0099
--- field 1	relative error 1.68e-15
> .141592653589793+0099
89c89
< .14159265358979323846+099
--- field 1	relative error 1.68e-15
> .141592653589793+099
90c90
< .14159265358979323846+99
--- field 1	relative error 1.68e-15
> .141592653589793+99
91c91
< .14159265358979323846-0099
--- field 1	relative error 1.68e-15
> .141592653589793-0099
92c92
< .14159265358979323846-99
--- field 1	relative error 1.68e-15
> .141592653589793-99
93c93
< .14159265358979323846d+99
--- field 1	relative error 1.68e-15
> .141592653589793d+99
94c94
< .14159265358979323846D+99
--- field 1	relative error 1.68e-15
> .141592653589793D+99
95c95
< .14159265358979323846d-99
--- field 1	relative error 1.68e-15
> .141592653589793d-99
96c96
< .14159265358979323846D-99
--- field 1	relative error 1.68e-15
> .141592653589793D-99
97c97
< .14159265358979323846d99
--- field 1	relative error 1.68e-15
> .141592653589793d99
98c98
< .14159265358979323846D99
--- field 1	relative error 1.68e-15
> .141592653589793D99
99c99
< .14159265358979323846e+99
--- field 1	relative error 1.68e-15
> .141592653589793e+99
100c100
< .14159265358979323846E+99
--- field 1	relative error 1.68e-15
> .141592653589793E+99
101c101
< .14159265358979323846e-99
--- field 1	relative error 1.68e-15
> .141592653589793e-99
102c102
< .14159265358979323846E-99
--- field 1	relative error 1.68e-15
> .141592653589793E-99
103c103
< .14159265358979323846e99
--- field 1	relative error 1.68e-15
> .141592653589793e99
104c104
< .14159265358979323846E99
--- field 1	relative error 1.68e-15
> .141592653589793E99
105c105
< .14159265358979323846Q+99
--- field 1	relative error 1.68e-15
> .141592653589793Q+99
106c106
< .14159265358979323846q+99
--- field 1	relative error 1.68e-15
> .141592653589793q+99
107c107
< .14159265358979323846Q-99
--- field 1	relative error 1.68e-15
> .141592653589793Q-99
108c108
< .14159265358979323846q-99
--- field 1	relative error 1.68e-15
> .141592653589793q-99
109c109
< .14159265358979323846Q99
--- field 1	relative error 1.68e-15
> .141592653589793Q99
110c110
< .14159265358979323846q99
--- field 1	relative error 1.68e-15
> .141592653589793q99
113c113
< 314159_26535_89793_23846
--- field 1	relative error 9.99e+04
> 314159_26535_89793
114c114
< 314159_26535_89793_23846
--- field 1	relative error 9.99e+04
> 314159_26535_89793
115c115
< 314159_26535_89793_23846+0099
--- field 1	relative error 9.99e+04
> 314159_26535_89793+0099
116c116
< 314159_26535_89793_23846+099
--- field 1	relative error 9.99e+04
> 314159_26535_89793+099
117c117
< 314159_26535_89793_23846+99
--- field 1	relative error 9.99e+04
> 314159_26535_89793+99
118c118
< 314159_26535_89793_23846-0099
--- field 1	relative error 9.99e+04
> 314159_26535_89793-0099
119c119
< 314159_26535_89793_23846-99
--- field 1	relative error 9.99e+04
> 314159_26535_89793-99
120c120
< 314159_26535_89793_23846d+99
--- field 1	relative error 9.99e+04
> 314159_26535_89793d+99
121c121
< 314159_26535_89793_23846D+99
--- field 1	relative error 9.99e+04
> 314159_26535_89793D+99
122c122
< 314159_26535_89793_23846d-99
--- field 1	relative error 9.99e+04
> 314159_26535_89793d-99
123c123
< 314159_26535_89793_23846D-99
--- field 1	relative error 9.99e+04
> 314159_26535_89793D-99
124c124
< 314159_26535_89793_23846d99
--- field 1	relative error 9.99e+04
> 314159_26535_89793d99
125c125
< 314159_26535_89793_23846D99
--- field 1	relative error 9.99e+04
> 314159_26535_89793D99
126c126
< 314159_26535_89793_23846e+99
--- field 1	relative error 9.99e+04
> 314159_26535_89793e+99
127c127
< 314159_26535_89793_23846E+99
--- field 1	relative error 9.99e+04
> 314159_26535_89793E+99
128c128
< 314159_26535_89793_23846e-99
--- field 1	relative error 9.99e+04
> 314159_26535_89793e-99
129c129
< 314159_26535_89793_23846E-99
--- field 1	relative error 9.99e+04
> 314159_26535_89793E-99
130c130
< 314159_26535_89793_23846e99
--- field 1	relative error 9.99e+04
> 314159_26535_89793e99
131c131
< 314159_26535_89793_23846E99
--- field 1	relative error 9.99e+04
> 314159_26535_89793E99
132c132
< 314159_26535_89793_23846Q+99
--- field 1	relative error 9.99e+04
> 314159_26535_89793Q+99
133c133
< 314159_26535_89793_23846q+99
--- field 1	relative error 9.99e+04
> 314159_26535_89793q+99
134c134
< 314159_26535_89793_23846Q-99
--- field 1	relative error 9.99e+04
> 314159_26535_89793Q-99
135c135
< 314159_26535_89793_23846q-99
--- field 1	relative error 9.99e+04
> 314159_26535_89793q-99
136c136
< 314159_26535_89793_23846Q99
--- field 1	relative error 9.99e+04
> 314159_26535_89793Q99
137c137
< 314159_26535_89793_23846q99
--- field 1	relative error 9.99e+04
> 314159_26535_89793q99
140c140
< 314159265358979323846
--- field 1	relative error 9.99e+04
> 3141592653589793
141c141
< 314159265358979323846+0099
--- field 1	relative error 9.99e+04
> 3141592653589793+0099
142c142
< 314159265358979323846+099
--- field 1	relative error 9.99e+04
> 3141592653589793+099
143c143
< 314159265358979323846+99
--- field 1	relative error 9.99e+04
> 3141592653589793+99
144c144
< 314159265358979323846-0099
--- field 1	relative error 9.99e+04
> 3141592653589793-0099
145c145
< 314159265358979323846-99
--- field 1	relative error 9.99e+04
> 3141592653589793-99
146c146
< 314159265358979323846d+99
--- field 1	relative error 9.99e+04
> 3141592653589793d+99
147c147
< 314159265358979323846D+99
--- field 1	relative error 9.99e+04
> 3141592653589793D+99
148c148
< 314159265358979323846d-99
--- field 1	relative error 9.99e+04
> 3141592653589793d-99
149c149
< 314159265358979323846D-99
--- field 1	relative error 9.99e+04
> 3141592653589793D-99
150c150
< 314159265358979323846d99
--- field 1	relative error 9.99e+04
> 3141592653589793d99
151c151
< 314159265358979323846D99
--- field 1	relative error 9.99e+04
> 3141592653589793D99
152c152
< 314159265358979323846e+99
--- field 1	relative error 9.99e+04
> 3141592653589793e+99
153c153
< 314159265358979323846E+99
--- field 1	relative error 9.99e+04
> 3141592653589793E+99
154c154
< 314159265358979323846e-99
--- field 1	relative error 9.99e+04
> 3141592653589793e-99
155c155
< 314159265358979323846E-99
--- field 1	relative error 9.99e+04
> 3141592653589793E-99
156c156
< 314159265358979323846e99
--- field 1	relative error 9.99e+04
> 3141592653589793e99
157c157
< 314159265358979323846E99
--- field 1	relative error 9.99e+04
> 3141592653589793E99
158c158
< 314159265358979323846Q+99
--- field 1	relative error 9.99e+04
> 3141592653589793Q+99
159c159
< 314159265358979323846q+99
--- field 1	relative error 9.99e+04
> 3141592653589793q+99
160c160
< 314159265358979323846Q-99
--- field 1	relative error 9.99e+04
> 3141592653589793Q-99
161c161
< 314159265358979323846q-99
--- field 1	relative error 9.99e+04
> 3141592653589793q-99
162c162
< 314159265358979323846Q99
--- field 1	relative error 9.99e+04
> 3141592653589793Q99
163c163
< 314159265358979323846q99
--- field 1	relative error 9.99e+04
> 3141592653589793q99
### Maximum relative error in matching lines = 7.59e-17 at line 6 field 1
