26c26
< 1	1.5	0	    1.61420869583317427891530717624170848868014933501800e-02
--- field 4	relative error 2.79e-15 [13*(machine epsilon)]
> 1       1.5     0           1.61420869583317e-02
27c27
< 1	2.0	0	   -1.04593709289476912465394498315683218064600876481920e-01
--- field 4	relative error 8.62e-15 [39*(machine epsilon)]
> 1       2.0     0          -1.04593709289476e-01
28c28
< 1	2.5	0	   -4.30865150235775768384788967653055154891253883965480e-01
--- field 4	relative error 1.80e-15 [8*(machine epsilon)]
> 1       2.5     0          -4.30865150235775e-01
29c29
< 1	3.0	0	   -1.17809724509617246442349126872981358157393852476570e+00
--- field 4	relative error 2.07e-15 [9*(machine epsilon)]
> 1       3.0     0          -1.17809724509617e+00
### Maximum relative error in matching lines = 1.52e-15 at line 31 field 4
