### Maximum absolute error in matching lines = 8.88e-15 at line 31 field 4
