### Maximum relative error in matching lines = 8.62e-15 at line 27 field 4
