### Maximum relative error in matching lines = 9.03e-15 at line 38 field 4
