23c23
< 1	0.0	0	   -6.91955458920286028497336524958074970153085266381400e-02
--- field 4	relative error 4.12e-17
> 1       0.0     0          -6.91955458920286e-02
24c24
< 1	.5	0	    7.41895901555803484134147479350945924075180117839000e-03
--- field 4	relative error 6.53e-16
> 1       .5      0           7.41895901555803e-03
25c25
< 1	1.0	0	    3.81053724092472423424359245942546424600452984399700e-02
--- field 4	relative error 1.11e-15
> 1       1.0     0           3.81053724092472e-02
26c26
< 1	1.5	0	    1.61420869583317427891530717624170848868014933501800e-02
--- field 4	relative error 2.65e-15
> 1       1.5     0           1.61420869583317e-02
27c27
< 1	2.0	0	   -1.04593709289476912465394498315683218064600876481920e-01
--- field 4	relative error 8.72e-15
> 1       2.0     0          -1.04593709289476e-01
28c28
< 1	2.5	0	   -4.30865150235775768384788967653055154891253883965480e-01
--- field 4	relative error 1.78e-15
> 1       2.5     0          -4.30865150235775e-01
29c29
< 1	3.0	0	   -1.17809724509617246442349126872981358157393852476570e+00
--- field 4	relative error 2.09e-15
> 1       3.0     0          -1.17809724509617e+00
30c30
< 1	3.5	0	   -2.74966469716760128648259320760412593677663674038960e+00
--- field 4	relative error 4.68e-16
> 1       3.5     0          -2.74966469716760e+00
31c31
< 1	4.0	0	   -5.83482672464782838290159808502515501790814884017110e+00
--- field 4	relative error 1.44e-15
> 1       4.0     0          -5.83482672464782e+00
