23c23
< 1	0.0	0	   -6.91955458920286028497336524958074970153085266381400e-02
--- field 4	relative error 4.12e-17
> 1       0.0     0          -6.91955458920286e-02
24c24
< 1	.5	0	    7.41895901555803484134147479350945924075180117839000e-03
--- field 4	relative error 6.53e-16
> 1       .5      0           7.41895901555803e-03
25c25
< 1	1.0	0	    3.81053724092472423424359245942546424600452984399700e-02
--- field 4	relative error 1.11e-15
> 1       1.0     0           3.81053724092472e-02
26c26
< 1	1.5	0	    1.61420869583317427891530717624170848868014933501800e-02
--- field 4	relative error 2.65e-15
> 1       1.5     0           1.61420869583317e-02
27c27
< 1	2.0	0	   -1.04593709289476912465394498315683218064600876481920e-01
--- field 4	relative error 8.72e-15
> 1       2.0     0          -1.04593709289476e-01
28c28
< 1	2.5	0	   -4.30865150235775768384788967653055154891253883965480e-01
--- field 4	relative error 1.78e-15
> 1       2.5     0          -4.30865150235775e-01
29c29
< 1	3.0	0	   -1.17809724509617246442349126872981358157393852476570e+00
--- field 4	relative error 2.09e-15
> 1       3.0     0          -1.17809724509617e+00
30c30
< 1	3.5	0	   -2.74966469716760128648259320760412593677663674038960e+00
--- field 4	relative error 4.68e-16
> 1       3.5     0          -2.74966469716760e+00
31c31
< 1	4.0	0	   -5.83482672464782838290159808502515501790814884017110e+00
--- field 4	relative error 1.44e-15
> 1       4.0     0          -5.83482672464782e+00
32c32
< 1	4.5	0	   -1.14286156023116079214822674978757176858658694281650e+01
--- field 4	relative error 6.93e-16
> 1       4.5     0          -1.14286156023116e+01
33c33
< 1	5.0	0	   -2.03931611722774172702730777378276392738013589531990e+01
--- field 4	relative error 8.47e-16
> 1       5.0     0          -2.03931611722774e+01
34c34
< 1	5.5	0	   -3.13399865189794493423933233329304272043089049923620e+01
--- field 4	relative error 1.57e-15
> 1       5.5     0          -3.13399865189794e+01
35c35
< 1	6.0	0	   -3.33365661639470778781144951515885103741859211166280e+01
--- field 4	relative error 2.34e-15
> 1       6.0     0          -3.33365661639470e+01
36c36
< 1	6.5	0	    1.57509345619882169889238418141080714128537022215480e+01
--- field 4	relative error 1.08e-15
> 1       6.5     0           1.57509345619882e+01
37c37
< 1	7.0	0	    2.47400421470196217528933166433260852130527090200790e+02
--- field 4	relative error 8.79e-16
> 1       7.0     0           2.47400421470196e+02
38c38
< 1	7.5	0	    1.02451741212290924677698269906802760416069532590590e+03
--- field 4	relative error 9.03e-15
> 1       7.5     0           1.02451741212290e+03
39c39
< 1	8.0	0	    3.25012722435208792081867119571056510752142251287190e+03
--- field 4	relative error 2.44e-15
> 1       8.0     0           3.25012722435208e+03
40c40
< 1	8.5	0	    8.91439589058928684113836149741457910503788795027550e+03
--- field 4	relative error 7.67e-16
> 1       8.5     0           8.91439589058928e+03
41c41
< 1	9.0	0	    2.16047298462417274563264467697976952909938273686180e+04
--- field 4	relative error 1.27e-15
> 1       9.0     0           2.16047298462417e+04
42c42
< 1	9.5	0	    4.48772628822839003751817922939375284454519580875570e+04
--- field 4	relative error 8.36e-18
> 1       9.5     0           4.48772628822839e+04
43c43
< 1	10.0	0	    6.91615733665733181264242638910015230714742606069580e+04
--- field 4	relative error 2.62e-16
> 1       10.0    0           6.91615733665733e+04
44c44
< 1	10.5	0	    1.31614497377234705209781285961137904387322957628200e+04
--- field 4	relative error 5.36e-15
> 1       10.5    0           1.31614497377234e+04
45c45
< 1	11.0	0	   -4.89852834510988510707287669537856487218443638597560e+05
--- field 4	relative error 1.04e-15
> 1       11.0    0          -4.89852834510988e+05
46c46
< 1	11.5	0	   -2.77614145476565045873275693249472792337999953760760e+06
--- field 4	relative error 1.65e-16
> 1       11.5    0          -2.77614145476565e+06
47c47
< 1	12.0	0	   -1.10949478563257011248314534512603783693386248632300e+07
--- field 4	relative error 1.01e-16
> 1       12.0    0          -1.10949478563257e+07
48c48
< 1	12.5	0	   -3.73511768108064454693583983345472997717971110290580e+07
--- field 4	relative error 1.22e-15
> 1       12.5    0          -3.73511768108064e+07
49c49
< 1	13.0	0	   -1.09768001040377010787640456642432112798363519411370e+08
--- field 4	relative error 9.83e-17
> 1       13.0    0          -1.09768001040377e+08
50c50
< 1	13.5	0	   -2.75741565368601118079079807117723816586144929821060e+08
--- field 4	relative error 4.28e-16
> 1       13.5    0          -2.75741565368601e+08
51c51
< 1	14.0	0	   -5.25240659639639348667304128929355147567274409205350e+08
--- field 4	relative error 6.64e-16
> 1       14.0    0          -5.25240659639639e+08
52c52
< 1	14.5	0	   -2.77110062420820078314139195876989187832719509233500e+08
--- field 4	relative error 2.83e-16
> 1       14.5    0          -2.77110062420820e+08
53c53
< 1	15.0	0	    4.01189471464499590269268601351504463031905340011400e+09
--- field 4	relative error 1.47e-15
> 1       15.0    0           4.01189471464499e+09
54c54
< 1	15.5	0	    2.81983695600612686531982990872052911128950009925900e+10
--- field 4	relative error 2.43e-15
> 1       15.5    0           2.81983695600612e+10
55c55
< 1	16.0	0	    1.32497567691076656283159471687763331793177783506470e+11
--- field 4	relative error 4.95e-15
> 1       16.0    0           1.32497567691076e+11
56c56
< 1	16.5	0	    5.16756332476721948646749547942796190133917178035930e+11
--- field 4	relative error 1.84e-15
> 1       16.5    0           5.16756332476721e+11
57c57
< 1	17.0	0	    1.74770579355658371404750572085393057076063105719440e+12
--- field 4	relative error 2.13e-15
> 1       17.0    0           1.74770579355658e+12
58c58
< 1	17.5	0	    5.04495067014915690967064247182808440084417521961550e+12
--- field 4	relative error 1.37e-15
> 1       17.5    0           5.04495067014915e+12
59c59
< 1	18.0	0	    1.11661440152837784415317038071429605093351581530100e+13
--- field 4	relative error 7.02e-15
> 1       18.0    0           1.11661440152837e+13
60c60
< 1	18.5	0	    8.64788274717024552384204890831416919072487541334900e+12
--- field 4	relative error 6.39e-16
> 1       18.5    0           8.64788274717024e+12
61c61
< 1	19.0	0	   -9.33006234837840247130211059303058779226999058730520e+13
--- field 4	relative error 2.65e-16
> 1       19.0    0          -9.33006234837840e+13
62c62
< 1	19.5	0	   -7.72232589168236566474413624855233069002632169644260e+14
--- field 4	relative error 7.34e-16
> 1       19.5    0          -7.72232589168236e+14
63c63
< 1	20.0	0	   -4.10950003498359839815144584196328005522767816653300e+15
--- field 4	relative error 2.04e-15
> 1       20.0    0          -4.10950003498359e+15
64c64
< 1	20.5	0	   -1.79755844538585990185952555154632422746361485951260e+16
--- field 4	relative error 5.51e-15
> 1       20.5    0          -1.79755844538585e+16
65c65
< 1	21.0	0	   -6.78943102367409211714459304358646467960142612638510e+16
--- field 4	relative error 3.12e-16
> 1       21.0    0          -6.78943102367409e+16
66c66
< 1	21.5	0	   -2.18672091001347879683873506924183766525451040870160e+17
--- field 4	relative error 4.02e-15
> 1       21.5    0          -2.18672091001347e+17
67c67
< 1	22.0	0	   -5.43786346910249035798826480095504536754720091335620e+17
--- field 4	relative error 6.58e-17
> 1       22.0    0          -5.43786346910249e+17
68c68
< 1	22.5	0	   -5.31864414339819314847535400421648326153996588840700e+17
--- field 4	relative error 5.92e-16
> 1       22.5    0          -5.31864414339819e+17
69c69
< 1	23.0	0	    4.95706212569344523300281135807715129403304599903530e+18
--- field 4	relative error 1.06e-15
> 1       23.0    0           4.95706212569344e+18
70c70
< 1	23.5	0	    4.67958956716544811113427104523314195189148991133680e+19
--- field 4	relative error 1.73e-15
> 1       23.5    0           4.67958956716544e+19
71c71
< 1	24.0	0	    2.75503257408103299472543581100210883201095849185470e+20
--- field 4	relative error 1.09e-15
> 1       24.0    0           2.75503257408103e+20
72c72
< 1	24.5	0	    1.32380435113257222531991556747217313902200222390630e+21
--- field 4	relative error 1.68e-15
> 1       24.5    0           1.32380435113257e+21
73c73
< 1	25.0	0	    5.47620112778425099691274612008212669181748242992640e+21
--- field 4	relative error 1.82e-16
> 1       25.0    0           5.47620112778425e+21
74c74
< 1	25.5	0	    1.93056731399803288903919752085495514385129476036210e+22
--- field 4	relative error 1.50e-15
> 1       25.5    0           1.93056731399803e+22
75c75
< 1	26.0	0	    5.28048014996121025511547352645667569468983921928050e+22
--- field 4	relative error 4.83e-17
> 1       26.0    0           5.28048014996121e+22
76c76
< 1	26.5	0	    6.10209688186795401699458081888272305448154776911900e+22
--- field 4	relative error 6.58e-16
> 1       26.5    0           6.10209688186795e+22
77c77
< 1	27.0	0	   -5.21978641835519783035196036005524031261679743698410e+23
--- field 4	relative error 1.50e-15
> 1       27.0    0          -5.21978641835519e+23
78c78
< 1	27.5	0	   -5.50003639143347930973221784660330197483020450503310e+24
--- field 4	relative error 1.69e-15
> 1       27.5    0          -5.50003639143347e+24
79c79
< 1	28.0	0	   -3.52525282652121410293219789381609070012546250724360e+25
--- field 4	relative error 1.16e-15
> 1       28.0    0          -3.52525282652121e+25
80c80
< 1	28.5	0	   -1.83412549100738552469871592264520948251438015591570e+26
--- field 4	relative error 3.01e-15
> 1       28.5    0          -1.83412549100738e+26
81c81
< 1	29.0	0	   -8.19704444982020958466047798588423546344142151159090e+26
--- field 4	relative error 1.17e-15
> 1       29.0    0          -8.19704444982020e+26
82c82
< 1	29.5	0	   -3.12073374946811240452049753378141492682559638379400e+27
--- field 4	relative error 7.70e-16
> 1       29.5    0          -3.12073374946811e+27
83c83
< 1	30.0	0	   -9.25163132715530245596237311955271184477850262826370e+27
--- field 4	relative error 2.65e-16
> 1       30.0    0          -9.25163132715530e+27
84c84
< 1	30.5	0	   -1.21686404171193857766037295021174633668467960000280e+28
--- field 4	relative error 7.05e-15
> 1       30.5    0          -1.21686404171193e+28
85c85
< 1	31.0	0	    9.85443477921277798392146596374828818618925188128230e+28
--- field 4	relative error 8.10e-16
> 1       31.0    0           9.85443477921277e+28
86c86
< 1	31.5	0	    1.14104141380513711157779378462708059268548623616180e+30
--- field 4	relative error 6.23e-15
> 1       31.5    0           1.14104141380513e+30
87c87
< 1	32.0	0	    7.86972254685424083499712617569759729459069790562880e+30
--- field 4	relative error 1.06e-16
> 1       32.0    0           7.86972254685424e+30
88c88
< 1	32.5	0	    4.38670362831546154281377189639084263252038025523710e+31
--- field 4	relative error 3.52e-16
> 1       32.5    0           4.38670362831546e+31
89c89
< 1	33.0	0	    2.09676957380251636737721103509429749098413780952580e+32
--- field 4	relative error 3.04e-15
> 1       33.0    0           2.09676957380251e+32
90c90
< 1	33.5	0	    8.53505966205661150524162466509037098465795942313810e+32
--- field 4	relative error 1.76e-16
> 1       33.5    0           8.53505966205661e+32
91c91
< 1	34.0	0	    2.71309843765917396218016909475425938708068702732990e+33
--- field 4	relative error 1.46e-15
> 1       34.0    0           2.71309843765917e+33
92c92
< 1	34.5	0	    3.96612961712813148896017239659951437899738697296480e+33
--- field 4	relative error 3.75e-16
> 1       34.5    0           3.96612961712813e+33
93c93
< 1	35.0	0	   -3.09586923023748633142876774717116221657321537102370e+34
--- field 4	relative error 2.05e-15
> 1       35.0    0          -3.09586923023748e+34
94c94
< 1	35.5	0	   -3.89311864881064656620633497809681533898091491158370e+35
--- field 4	relative error 1.69e-15
> 1       35.5    0          -3.89311864881064e+35
95c95
< 1	36.0	0	   -2.86374588177905602848503417051680181182719036078640e+36
--- field 4	relative error 2.11e-15
> 1       36.0    0          -2.86374588177905e+36
96c96
< 1	36.5	0	   -1.69640523267206620253379322761322528328486040208460e+37
--- field 4	relative error 3.66e-15
> 1       36.5    0          -1.69640523267206e+37
97c97
< 1	37.0	0	   -8.60496295157115057032001891033617266752284289780790e+37
--- field 4	relative error 6.63e-17
> 1       37.0    0          -8.60496295157115e+37
98c98
< 1	37.5	0	   -3.71636207366836701629041352785420712588497786477860e+38
--- field 4	relative error 1.89e-15
> 1       37.5    0          -3.71636207366836e+38
99c99
< 1	38.0	0	   -1.25631780622472678288834340505923393994416547753420e+39
--- field 4	relative error 5.40e-15
> 1       38.0    0          -1.25631780622472e+39
100c100
< 1	38.5	0	   -2.00780045187004178588637451020311250899820297471980e+39
--- field 4	relative error 8.89e-16
> 1       38.5    0          -2.00780045187004e+39
101c101
< 1	39.0	0	    1.52783004033758092947808545583545158085218122489240e+40
--- field 4	relative error 6.08e-16
> 1       39.0    0           1.52783004033758e+40
102c102
< 1	39.5	0	    2.06748827524718600589637714984913702927009956903730e+41
--- field 4	relative error 2.90e-15
> 1       39.5    0           2.06748827524718e+41
103c103
< 1	40.0	0	    1.61076223785882926449885269859680550549732156243370e+42
--- field 4	relative error 5.75e-15
> 1       40.0    0           1.61076223785882e+42
104c104
< 1	40.5	0	    1.00753065255605236960906102558107388129762008794550e+43
--- field 4	relative error 2.35e-15
> 1       40.5    0           1.00753065255605e+43
105c105
< 1	41.0	0	    5.39021041464422615797623893994742587624022980156600e+43
--- field 4	relative error 1.14e-15
> 1       41.0    0           5.39021041464422e+43
106c106
< 1	41.5	0	    2.45489205926824572543611444214652219392951040117800e+44
--- field 4	relative error 2.33e-15
> 1       41.5    0           2.45489205926824e+44
107c107
< 1	42.0	0	    8.76827557991623776937993316538641359787702651402330e+44
--- field 4	relative error 8.86e-16
> 1       42.0    0           8.76827557991623e+44
108c108
< 1	42.5	0	    1.51359841561331853564050654048726290364635849542580e+45
--- field 4	relative error 5.64e-15
> 1       42.5    0           1.51359841561331e+45
109c109
< 1	43.0	0	   -1.13129703166836517504134315662791847755780610978380e+46
--- field 4	relative error 4.57e-15
> 1       43.0    0          -1.13129703166836e+46
110c110
< 1	43.5	0	   -1.63528963315038949695468391029943291344134205916200e+47
--- field 4	relative error 5.81e-15
> 1       43.5    0          -1.63528963315038e+47
111c111
< 1	44.0	0	   -1.34182117475088529411104563999742565546060139653150e+48
--- field 4	relative error 3.95e-15
> 1       44.0    0          -1.34182117475088e+48
112c112
< 1	44.5	0	   -8.81652928304653623139560058068028699250424253841220e+48
--- field 4	relative error 7.07e-16
> 1       44.5    0          -8.81652928304653e+48
113c113
< 1	45.0	0	   -4.94990029161365904459406134012048905755207823570600e+49
--- field 4	relative error 1.83e-15
> 1       45.0    0          -4.94990029161365e+49
114c114
< 1	45.5	0	   -2.36548850141861510429691686843938075432410995211140e+50
--- field 4	relative error 2.16e-15
> 1       45.5    0          -2.36548850141861e+50
115c115
< 1	46.0	0	   -8.88010772942185097386409550632120848568425543014520e+50
--- field 4	relative error 1.10e-16
> 1       46.0    0          -8.88010772942185e+50
116c116
< 1	46.5	0	   -1.64053242579010973556373073199232819805578130974510e+51
--- field 4	relative error 5.93e-15
> 1       46.5    0          -1.64053242579010e+51
117c117
< 1	47.0	0	    1.21070277032116772667749503279163207549758852062960e+52
--- field 4	relative error 6.38e-15
> 1       47.0    0           1.21070277032116e+52
118c118
< 1	47.5	0	    1.85814676112634250638705451158768315817364915822510e+53
--- field 4	relative error 1.35e-15
> 1       47.5    0           1.85814676112634e+53
119c119
< 1	48.0	0	    1.59839261899346293311548366383637481826094810242270e+54
--- field 4	relative error 1.84e-15
> 1       48.0    0           1.59839261899346e+54
120c120
< 1	48.5	0	    1.09849655379763215986631621472238985519979002692930e+55
--- field 4	relative error 1.97e-15
> 1       48.5    0           1.09849655379763e+55
121c121
< 1	49.0	0	    6.44533372662851489762806912598523322607463436961060e+55
--- field 4	relative error 7.60e-16
> 1       49.0    0           6.44533372662851e+55
122c122
< 1	49.5	0	    3.21866926979323754913089450427943937048928004509080e+56
--- field 4	relative error 2.35e-15
> 1       49.5    0           3.21866926979323e+56
123c123
< 1	50.0	0	    1.26445092328997415688789240813430768098074999549750e+57
--- field 4	relative error 3.29e-15
> 1       50.0    0           1.26445092328997e+57
124c124
< 1	50.5	0	    2.48188014579934655102285461857210546700951075957620e+57
--- field 4	relative error 2.64e-15
> 1       50.5    0           2.48188014579934e+57
125c125
< 1	51.0	0	   -1.81532773381955888938023605216777313400108422783200e+58
--- field 4	relative error 4.90e-15
> 1       51.0    0          -1.81532773381955e+58
126c126
< 1	51.5	0	   -2.94327769252826249343118115306962380240024586800080e+59
--- field 4	relative error 8.47e-16
> 1       51.5    0          -2.94327769252826e+59
127c127
< 1	52.0	0	   -2.64397241909489337063051914598108746665637304501430e+60
--- field 4	relative error 1.27e-15
> 1       52.0    0          -2.64397241909489e+60
128c128
< 1	52.5	0	   -1.89373099307065273917252663743616747769456720882680e+61
--- field 4	relative error 1.45e-15
> 1       52.5    0          -1.89373099307065e+61
129c129
< 1	53.0	0	   -1.15716272274907744883182951512406131215103585713240e+62
--- field 4	relative error 6.44e-15
> 1       53.0    0          -1.15716272274907e+62
130c130
< 1	53.5	0	   -6.01759087757826104213688458733430367447958693825330e+62
--- field 4	relative error 1.73e-16
> 1       53.5    0          -6.01759087757826e+62
131c131
< 1	54.0	0	   -2.46485369600276985145189393898385471619589842360630e+63
--- field 4	relative error 4.00e-15
> 1       54.0    0          -2.46485369600276e+63
132c132
< 1	54.5	0	   -5.11009893684218436818890834386124479470317750116100e+63
--- field 4	relative error 8.55e-16
> 1       54.5    0          -5.11009893684218e+63
133c133
< 1	55.0	0	    3.71475960154697794210545844063247919730043868793930e+64
--- field 4	relative error 2.14e-15
> 1       55.0    0           3.71475960154697e+64
134c134
< 1	55.5	0	    6.33556711657763715671499543052686238022162867460510e+65
--- field 4	relative error 1.13e-15
> 1       55.5    0           6.33556711657763e+65
135c135
< 1	56.0	0	    5.92386783684239518132130171932346185776669062404520e+66
--- field 4	relative error 8.75e-16
> 1       56.0    0           5.92386783684239e+66
136c136
< 1	56.5	0	    4.40837600649441670138788702269825572758282165297350e+67
--- field 4	relative error 1.52e-15
> 1       56.5    0           4.40837600649441e+67
137c137
< 1	57.0	0	    2.79697241530011546969576768187367667025923526906140e+68
--- field 4	relative error 1.96e-15
> 1       57.0    0           2.79697241530011e+68
138c138
< 1	57.5	0	    1.51016596164142010852869824260749287440583570405050e+69
--- field 4	relative error 7.19e-17
> 1       57.5    0           1.51016596164142e+69
139c139
< 1	58.0	0	    6.42962430540484809471620796937642988205415637761170e+69
--- field 4	relative error 1.26e-15
> 1       58.0    0           6.42962430540484e+69
140c140
< 1	58.5	0	    1.40112532730468681699404828153113066947355181979910e+70
--- field 4	relative error 4.87e-15
> 1       58.5    0           1.40112532730468e+70
141c141
< 1	59.0	0	   -1.01441020704820192972721332695077863629033567497230e+71
--- field 4	relative error 1.90e-15
> 1       59.0    0          -1.01441020704820e+71
142c142
< 1	59.5	0	   -1.81324365959010890453915440957231133503275305649010e+72
--- field 4	relative error 4.91e-15
> 1       59.5    0          -1.81324365959010e+72
143c143
< 1	60.0	0	   -1.75971495472908891589771643038651673376219882791710e+73
--- field 4	relative error 5.07e-15
> 1       60.0    0          -1.75971495472908e+73
144c144
< 1	60.5	0	   -1.35699190097947123077610707737226156999944183934280e+74
--- field 4	relative error 9.07e-16
> 1       60.5    0          -1.35699190097947e+74
145c145
< 1	61.0	0	   -8.91663816065513549788622233088062715350449988786920e+74
--- field 4	relative error 6.17e-16
> 1       61.0    0          -8.91663816065513e+74
146c146
< 1	61.5	0	   -4.98577050622892433487229084226308929658219180288200e+75
--- field 4	relative error 8.69e-16
> 1       61.5    0          -4.98577050622892e+75
147c147
< 1	62.0	0	   -2.20050094213494735551532131281587169171863994027390e+76
--- field 4	relative error 3.34e-15
> 1       62.0    0          -2.20050094213494e+76
148c148
< 1	62.5	0	   -5.01994933201790056466142170174165270164399559479250e+76
--- field 4	relative error 1.12e-16
> 1       62.5    0          -5.01994933201790e+76
149c149
< 1	63.0	0	    3.62549193588820321482576315838881333831529679899410e+77
--- field 4	relative error 8.87e-16
> 1       63.0    0           3.62549193588820e+77
150c150
< 1	63.5	0	    6.77046222469127137460154707904851581795455239997200e+78
--- field 4	relative error 2.03e-16
> 1       63.5    0           6.77046222469127e+78
151c151
< 1	64.0	0	    6.80305229403791623055473327832466444337209328331640e+79
--- field 4	relative error 9.16e-16
> 1       64.0    0           6.80305229403791e+79
152c152
< 1	64.5	0	    5.42373672865840102832590925794593436176610326000660e+80
--- field 4	relative error 1.90e-16
> 1       64.5    0           5.42373672865840e+80
153c153
< 1	65.0	0	    3.68265325150595143953339614500287644262740942408020e+81
--- field 4	relative error 3.91e-16
> 1       65.0    0           3.68265325150595e+81
154c154
< 1	65.5	0	    2.12772209860943964749043560818466275968431751139020e+82
--- field 4	relative error 4.53e-15
> 1       65.5    0           2.12772209860943e+82
155c155
< 1	66.0	0	    9.71222571007564657846268276246074340386750558001050e+82
--- field 4	relative error 6.77e-16
> 1       66.0    0           9.71222571007564e+82
156c156
< 1	66.5	0	    2.31142465284221268969674680514568874875099866305820e+83
--- field 4	relative error 1.16e-15
> 1       66.5    0           2.31142465284221e+83
157c157
< 1	67.0	0	   -1.66732023541175400005979056738511458853114521429580e+84
--- field 4	relative error 2.40e-15
> 1       67.0    0          -1.66732023541175e+84
158c158
< 1	67.5	0	   -3.24393869006512048641626047051348415094387146400120e+85
--- field 4	relative error 1.50e-16
> 1       67.5    0          -3.24393869006512e+85
159c159
< 1	68.0	0	   -3.36761018263802777939498745433022294919592487445120e+86
--- field 4	relative error 2.31e-15
> 1       68.0    0          -3.36761018263802e+86
160c160
< 1	68.5	0	   -2.77010449656429660939853685192077158143478685840170e+87
--- field 4	relative error 2.39e-15
> 1       68.5    0          -2.77010449656429e+87
161c161
< 1	69.0	0	   -1.93971555218801719155844766376162837301956122922660e+88
--- field 4	relative error 3.71e-15
> 1       69.0    0          -1.93971555218801e+88
162c162
< 1	69.5	0	   -1.15573905219609190080408075584519429776527374169560e+89
--- field 4	relative error 1.64e-15
> 1       69.5    0          -1.15573905219609e+89
163c163
< 1	70.0	0	   -5.44486938157551447806074228475479406780158104613000e+89
--- field 4	relative error 8.22e-16
> 1       70.0    0          -5.44486938157551e+89
164c164
< 1	70.5	0	   -1.34783696863714343135850192081091166833218144876440e+90
--- field 4	relative error 2.55e-15
> 1       70.5    0          -1.34783696863714e+90
165c165
< 1	71.0	0	    9.72016018160579758708856764764741487936475568175360e+90
--- field 4	relative error 7.81e-16
> 1       71.0    0           9.72016018160579e+90
166c166
< 1	71.5	0	    1.96546272893996737763038265276685614619802160795000e+92
--- field 4	relative error 3.75e-15
> 1       71.5    0           1.96546272893996e+92
167c167
< 1	72.0	0	    2.10402339491044870814886498159667991665780458416440e+93
--- field 4	relative error 4.14e-15
> 1       72.0    0           2.10402339491044e+93
168c168
< 1	72.5	0	    1.78248063320388180119971197980968099176470400492530e+94
--- field 4	relative error 1.01e-15
> 1       72.5    0           1.78248063320388e+94
169c169
< 1	73.0	0	    1.28494666194880422027151269709363796594923265811110e+95
--- field 4	relative error 3.28e-15
> 1       73.0    0           1.28494666194880e+95
170c170
< 1	73.5	0	    7.88162844178790692494559854474218641335109340338890e+95
--- field 4	relative error 8.79e-16
> 1       73.5    0           7.88162844178790e+95
171c171
< 1	74.0	0	    3.82541533910619041810353320228487670864065443364430e+96
--- field 4	relative error 1.09e-16
> 1       74.0    0           3.82541533910619e+96
172c172
< 1	74.5	0	    9.82407053472097719861173903872007011751529228931620e+96
--- field 4	relative error 7.33e-16
> 1       74.5    0           9.82407053472097e+96
173c173
< 1	75.0	0	   -7.08862121563966000633607972839983024907433537603240e+97
--- field 4	relative error 8.94e-19
> 1       75.0    0          -7.08862121563966e+97
174c174
< 1	75.5	0	   -1.48643181031121153294460848822314377787206636672950e+99
--- field 4	relative error 1.03e-15
> 1       75.5    0          -1.48643181031121e+99
175c175
< 1	76.0	0	  -1.63806426696894215953775372238873813253355286566880e+100
--- field 4	relative error 9.74e-17
> 1       76.0    0         -1.638064266968942+100
176c176
< 1	76.5	0	  -1.42695358958176108315872302767349564542024216998400e+101
--- field 4	relative error 5.83e-17
> 1       76.5    0         -1.426953589581761+101
177c177
< 1	77.0	0	  -1.05732612367924141241041288478775453945004026418810e+102
--- field 4	relative error 3.90e-16
> 1       77.0    0         -1.057326123679241+102
178c178
< 1	77.5	0	  -6.66609654900969888612007487560493153217969597138100e+102
--- field 4	relative error 1.33e-16
> 1       77.5    0         -6.666096549009698+102
179c179
< 1	78.0	0	  -3.32786528624621109164175926244103453518769882452750e+103
--- field 4	relative error 2.75e-17
> 1       78.0    0         -3.327865286246211+103
180c180
< 1	78.5	0	  -8.84612868447260038510215835677736340589647339719640e+103
--- field 4	relative error 4.35e-17
> 1       78.5    0         -8.846128684472600+103
181c181
< 1	79.0	0	   6.39039627907188287950797967680028400943866278609470e+104
--- field 4	relative error 1.38e-16
> 1       79.0    0          6.390396279071882+104
182c182
< 1	79.5	0	   1.38693708963291752565352908986229826006597923405160e+106
--- field 4	relative error 3.79e-16
> 1       79.5    0          1.386937089632917+106
183c183
< 1	80.0	0	   1.57102513489726092472054905613193341231319790329090e+107
--- field 4	relative error 5.89e-16
> 1       80.0    0          1.571025134897260+107
184c184
< 1	80.5	0	   1.40521519146792850238073476468784893433691893183550e+108
--- field 4	relative error 3.58e-16
> 1       80.5    0          1.405215191467928+108
185c185
< 1	81.0	0	   1.06873612192446944844551356827547753374920880775530e+109
--- field 4	relative error 4.20e-16
> 1       81.0    0          1.068736121924469+109
186c186
< 1	81.5	0	   6.91602281615697697620240095724286998420551077182930e+109
--- field 4	relative error 1.41e-16
> 1       81.5    0          6.916022816156976+109
187c187
< 1	82.0	0	   3.54609899668186509102037147572791788086731542774560e+110
--- field 4	relative error 2.57e-17
> 1       82.0    0          3.546098996681865+110
188c188
< 1	82.5	0	   9.73730081475020598371998770873650654578389729291510e+110
--- field 4	relative error 1.01e-16
> 1       82.5    0          9.737300814750205+110
189c189
< 1	83.0	0	  -7.04587200620884405022487216820904274085480530538990e+111
--- field 4	relative error 7.13e-18
> 1       83.0    0         -7.045872006208844+111
190c190
< 1	83.5	0	  -1.57996808731910154584634883356988698713733264477460e+113
--- field 4	relative error 3.45e-16
> 1       83.5    0         -1.579968087319101+113
191c191
< 1	84.0	0	  -1.83704848429815278893006849506275003899799001349190e+114
--- field 4	relative error 4.29e-16
> 1       84.0    0         -1.837048484298152+114
192c192
< 1	84.5	0	  -1.68499337763135064872043466257434035000049145925280e+115
--- field 4	relative error 3.85e-16
> 1       84.5    0         -1.684993377631350+115
193c193
< 1	85.0	0	  -1.31372143583526211989973763642457552506965507836600e+116
--- field 4	relative error 9.13e-17
> 1       85.0    0         -1.313721435835262+116
194c194
< 1	85.5	0	  -8.71490970026021318436735395921243143825707767646120e+116
--- field 4	relative error 2.12e-17
> 1       85.5    0         -8.714909700260213+116
195c195
< 1	86.0	0	  -4.58340374533333138850323295619568308217288616882000e+117
--- field 4	relative error 8.48e-17
> 1       86.0    0         -4.583403745333331+117
196c196
< 1	86.5	0	  -1.29776783284097707003280943931882691316507945377870e+118
--- field 4	relative error 5.40e-17
> 1       86.5    0         -1.297767832840977+118
197c197
< 1	87.0	0	   9.41002276155614095630517510091340031499300411314440e+118
--- field 4	relative error 1.02e-16
> 1       87.0    0          9.410022761556140+118
198c198
< 1	87.5	0	   2.17670955206791405519271620503340018425953817042650e+120
--- field 4	relative error 2.54e-17
> 1       87.5    0          2.176709552067914+120
199c199
< 1	88.0	0	   2.59465902737394466179488987221120001440546303432420e+121
--- field 4	relative error 2.55e-16
> 1       88.0    0          2.594659027373944+121
200c200
< 1	88.5	0	   2.43761595238624260370097721820885948032350124097600e+122
--- field 4	relative error 2.48e-16
> 1       88.5    0          2.437615952386242+122
201c201
< 1	89.0	0	   1.94602177678289562321930431058616562485537950611760e+123
--- field 4	relative error 3.20e-16
> 1       89.0    0          1.946021776782895+123
202c202
< 1	89.5	0	   1.32184975155046822524487856977315816890912185573800e+124
--- field 4	relative error 1.70e-16
> 1       89.5    0          1.321849751550468+124
203c203
< 1	90.0	0	   7.12232299972528107078166670800613624758605393025810e+124
--- field 4	relative error 9.94e-18
> 1       90.0    0          7.122322999725281+124
204c204
< 1	90.5	0	   2.07612397740566901646859438146503218985072413705360e+125
--- field 4	relative error 7.93e-18
> 1       90.5    0          2.076123977405669+125
205c205
< 1	91.0	0	  -1.50899313204769507498128914021749305719234113818470e+126
--- field 4	relative error 4.97e-17
> 1       91.0    0         -1.508993132047695+126
206c206
< 1	91.5	0	  -3.59557088511875822874017634535253899287486017128710e+127
--- field 4	relative error 6.36e-17
> 1       91.5    0         -3.595570885118758+127
207c207
< 1	92.0	0	  -4.38899675292204760295585794505884925022466215580590e+128
--- field 4	relative error 1.37e-16
> 1       92.0    0         -4.388996752922047+128
208c208
< 1	92.5	0	  -4.21883601684406705718216150604123948290993438150750e+129
--- field 4	relative error 1.36e-17
> 1       92.5    0         -4.218836016844067+129
209c209
< 1	93.0	0	  -3.44505774307840203240810803747791599964918091677160e+130
--- field 4	relative error 9.41e-18
> 1       93.0    0         -3.445057743078402+130
210c210
< 1	93.5	0	  -2.39359593860907878169766608565875787701425349700840e+131
--- field 4	relative error 3.27e-16
> 1       93.5    0         -2.393595938609078+131
211c211
< 1	94.0	0	  -1.31987960766771639463793526923022688376299459020870e+132
--- field 4	relative error 2.99e-16
> 1       94.0    0         -1.319879607667716+132
212c212
< 1	94.5	0	  -3.95511403980378814679134573085153224593649206406180e+132
--- field 4	relative error 3.71e-17
> 1       94.5    0         -3.955114039803788+132
213c213
< 1	95.0	0	   2.88236852433886765048878488153621936085563500125730e+133
--- field 4	relative error 2.26e-16
> 1       95.0    0          2.882368524338867+133
214c214
< 1	95.5	0	   7.06529189230226442806390783306834415321216509255310e+134
--- field 4	relative error 6.06e-17
> 1       95.5    0          7.065291892302264+134
215c215
< 1	96.0	0	   8.82261740523791248634992649430849731614029609518400e+135
--- field 4	relative error 5.51e-17
> 1       96.0    0          8.822617405237912+135
216c216
< 1	96.5	0	   8.66845828480441555631527952776912505433456426738930e+136
--- field 4	relative error 6.42e-17
> 1       96.5    0          8.668458284804415+136
217c217
< 1	97.0	0	   7.23352383696950160986280221804625595620022901140500e+137
--- field 4	relative error 8.43e-17
> 1       97.0    0          7.233523836969501+137
218c218
< 1	97.5	0	   5.13579620169175921581632688960434525460344876922740e+138
--- field 4	relative error 4.20e-17
> 1       97.5    0          5.135796201691759+138
219c219
< 1	98.0	0	   2.89537522882642725652257135214345067624494906985780e+139
--- field 4	relative error 8.86e-17
> 1       98.0    0          2.895375228826427+139
220c220
< 1	98.5	0	   8.90742330079835315131098995130111616383266182209440e+139
--- field 4	relative error 1.70e-17
> 1       98.5    0          8.907423300798353+139
221c221
< 1	99.0	0	  -6.51019133770598955040582204633067237564417511809550e+140
--- field 4	relative error 8.45e-17
> 1       99.0    0         -6.510191337705989+140
222c222
< 1	99.5	0	  -1.63965109538214902754366678048646088023895558901810e+142
--- field 4	relative error 1.68e-17
> 1       99.5    0         -1.639651095382149+142
223c223
< 1	100.0	0	  -2.09256076889794789754748812833554159613506201471990e+143
--- field 4	relative error 4.29e-16
> 1       100.0   0         -2.092560768897947+143
