### Maximum relative error in matching lines = 8.72e-15 at line 27 field 4
