25c25
< 1	1.0	0	    3.81053724092472423424359245942546424600452984399700e-02
--- field 4	relative error 1.11e-15
> 1       1.0     0           3.81053724092472e-02
26c26
< 1	1.5	0	    1.61420869583317427891530717624170848868014933501800e-02
--- field 4	relative error 2.65e-15
> 1       1.5     0           1.61420869583317e-02
27c27
< 1	2.0	0	   -1.04593709289476912465394498315683218064600876481920e-01
--- field 4	relative error 8.72e-15
> 1       2.0     0          -1.04593709289476e-01
28c28
< 1	2.5	0	   -4.30865150235775768384788967653055154891253883965480e-01
--- field 4	relative error 1.78e-15
> 1       2.5     0          -4.30865150235775e-01
29c29
< 1	3.0	0	   -1.17809724509617246442349126872981358157393852476570e+00
--- field 4	relative error 2.09e-15
> 1       3.0     0          -1.17809724509617e+00
31c31
< 1	4.0	0	   -5.83482672464782838290159808502515501790814884017110e+00
--- field 4	relative error 1.44e-15
> 1       4.0     0          -5.83482672464782e+00
### Maximum relative error in matching lines = 6.53e-16 at line 24 field 4
